======================================================================
高质量内容生成 - P0阶段（九年级优先）
知识点数量: 37个
预计时间: 8.3 分钟
======================================================================

[math_j9_equation2] 一元二次方程的解法 (九年级上) ✅

[math_j9_discriminant] 根的判别式 (九年级上)       音频生成失败: No audio was received. Please verify that your parameters are correct.
✅

[math_j9_vieta] 根与系数的关系 (九年级上) ✅

[math_j9_quadratic_graph] 二次函数的图像 (九年级上)     API错误: 
✅

进度: [5/37] 完成:4 失败:0


[math_j9_quadratic_vertex] 二次函数最值 (九年级上) ✅

[math_j9_quadratic_app] 二次函数应用 (九年级上) ✅

[math_j9_circle_angle] 圆心角与圆周角 (九年级上) ✅

[math_j9_circle_tangent] 圆的切线 (九年级上) ✅

[math_j9_rotation] 图形的旋转 (九年级上) ❌ 讲解生成失败

进度: [10/37] 完成:8 失败:1


[math_j9_probability] 概率的计算 (九年级下)       音频生成失败: No audio was received. Please verify that your parameters are correct.
✅

[math_j9_similar] 相似三角形的判定 (九年级下) ✅

[math_j9_trig] 锐角三角函数 (九年级下)       音频生成失败: No audio was received. Please verify that your parameters are correct.
✅

[math_j9_view] 视图与投影 (九年级下) ✅

[math_j9_inverse] 反比例函数 (九年级下)       音频生成失败: No audio was received. Please verify that your parameters are correct.
✅

进度: [15/37] 完成:13 失败:1


[chem_j9_equation] 化学方程式的书写 (九年级上) ✅

[chem_j9_calc] 根据化学方程式计算 (九年级上)     API错误: 
✅

[chem_j9_solution] 溶液的浓度 (九年级上) ✅

[chem_j9_crystal] 结晶方法 (九年级上) ✅

[chem_j9_acid_base] 酸碱盐的通性 (九年级下) ✅

进度: [20/37] 完成:18 失败:1


[chem_j9_material] 金属材料 (九年级下) ✅

[chem_j9_organic] 有机物简介 (九年级下) ✅

[chem_j9_nutrition] 化学与营养 (九年级下) ✅

[phys_j9_ohm] 欧姆定律 (九年级) ❌ 讲解生成失败

[phys_j9_power] 电功率计算 (九年级) ✅

进度: [25/37] 完成:22 失败:2


[phys_j9_heat] 焦耳定律 (九年级)       音频生成失败: No audio was received. Please verify that your parameters are correct.
✅

[phys_j9_electromagnet] 电磁感应 (九年级) ✅

[phys_j9_safety] 安全用电 (九年级)       音频生成失败: No audio was received. Please verify that your parameters are correct.
✅

[chinese_j9_classical] 文言文翻译技巧 (九年级) ✅

[chinese_j9_read] 现代文阅读方法 (九年级)       音频生成失败: No audio was received. Please verify that your parameters are correct.
✅

进度: [30/37] 完成:27 失败:2


[chinese_j9_argument] 议论文写作 (九年级) ✅

[chinese_j9_poem] 古诗词鉴赏 (九年级) ✅

[english_j9_tense] 英语时态总结 (九年级) ❌ 讲解生成失败

[english_j9_clause] 定语从句入门 (九年级) ❌ 讲解生成失败

[english_j9_reading] 阅读理解策略 (九年级) ✅

进度: [35/37] 完成:30 失败:4


[english_j9_writing] 书面表达技巧 (九年级) ✅

[history_j9_china] 中国近现代史 (九年级) ✅

[geography_j9_region] 中国地理分区 (九年级) ✅

======================================================================
✅ 完成: 33
❌ 失败: 4
📊 总计: 37
======================================================================
2026-09-18 10:10:02 - 进度: 0/50
2026-09-18 10:13:28 - 进度: 0/100
2026-09-18 10:16:55 - 进度: 0/150
2026-09-18 10:20:22 - 进度: 0/200
2026-09-18 10:23:48 - 进度: 0/250
2026-09-18 10:27:17 - 进度: 0/300
2026-09-18 10:30:43 - 进度: 0/350
2026-09-18 10:46:28 - 进度: 49/50
2026-09-18 10:58:48 - 进度: 99/100
2026-09-18 11:10:48 - 进度: 148/150
2026-09-18 11:22:29 - 进度: 198/200
2026-09-18 11:34:10 - 进度: 247/250
2026-09-18 11:46:27 - 进度: 297/300
